Matplotlib created a temporary config/cache directory at /tmp/user/23375/matplotlib-0cmcr3sb because the default path (/project/theorie/h/Hannah.Lange/.cache/matplotlib) is not a writable directory; it is highly recommended to set the MPLCONFIGDIR environment variable to a writable directory, in particular to speed up the import of Matplotlib and to better support multiprocessing.
Matplotlib is building the font cache; this may take a moment.
use quantum device ibmq_lima
------ Start GLOBAL rotations to different measurement configurations.------
Measure in Z basis.
Start measurement of GHZ(100 configurations).
0 samples generated.
Bases, training bases, training samples and target statevector are saved in the folder: Training_data/GHZ/withRotation/1samples/100samples
Bases, training bases, training samples and target statevector are saved in the folder: Training_data/tmp
tensor([[0., 0., 0., 0., 0.],
        [0., 0., 0., 0., 0.],
        [0., 0., 0., 0., 0.],
        [0., 0., 0., 0., 0.],
        [0., 0., 0., 0., 0.],
        [0., 0., 0., 0., 0.],
        [0., 0., 0., 0., 0.],
        [0., 0., 0., 0., 0.],
        [0., 0., 0., 0., 0.],
        [0., 0., 0., 0., 0.],
        [0., 0., 0., 0., 0.],
        [0., 0., 0., 0., 0.],
        [0., 0., 0., 0., 0.],
        [0., 0., 0., 0., 0.],
        [0., 0., 0., 0., 0.],
        [0., 0., 0., 0., 0.],
        [0., 0., 0., 0., 0.],
        [0., 0., 0., 0., 0.],
        [0., 0., 0., 0., 0.],
        [0., 0., 0., 0., 0.],
        [0., 0., 0., 0., 0.],
        [0., 0., 0., 0., 0.],
        [0., 0., 0., 0., 0.],
        [0., 0., 0., 0., 0.],
        [0., 0., 0., 0., 0.],
        [0., 0., 0., 0., 0.],
        [0., 0., 0., 0., 0.],
        [0., 0., 0., 0., 0.],
        [0., 0., 0., 0., 0.],
        [0., 0., 0., 0., 0.],
        [0., 0., 0., 0., 0.],
        [0., 0., 0., 0., 0.],
        [0., 0., 0., 0., 0.],
        [0., 0., 0., 0., 0.],
        [0., 0., 0., 0., 0.],
        [0., 0., 0., 0., 0.],
        [0., 0., 0., 0., 0.],
        [0., 0., 0., 0., 0.],
        [0., 0., 0., 0., 0.],
        [0., 0., 0., 0., 0.],
        [0., 0., 0., 0., 0.],
        [0., 0., 0., 0., 0.],
        [0., 0., 0., 0., 0.],
        [0., 1., 1., 1., 0.],
        [0., 1., 1., 1., 0.],
        [0., 0., 0., 0., 1.],
        [0., 1., 1., 0., 1.],
        [1., 1., 1., 0., 1.],
        [0., 0., 0., 1., 1.],
        [0., 0., 0., 1., 1.],
        [0., 1., 0., 1., 1.],
        [0., 0., 1., 1., 1.],
        [0., 0., 1., 1., 1.],
        [0., 1., 1., 1., 1.],
        [0., 1., 1., 1., 1.],
        [0., 1., 1., 1., 1.],
        [0., 1., 1., 1., 1.],
        [0., 1., 1., 1., 1.],
        [0., 1., 1., 1., 1.],
        [0., 1., 1., 1., 1.],
        [0., 1., 1., 1., 1.],
        [0., 1., 1., 1., 1.],
        [0., 1., 1., 1., 1.],
        [0., 1., 1., 1., 1.],
        [0., 1., 1., 1., 1.],
        [1., 1., 1., 1., 1.],
        [1., 1., 1., 1., 1.],
        [1., 1., 1., 1., 1.],
        [1., 1., 1., 1., 1.],
        [1., 1., 1., 1., 1.],
        [1., 1., 1., 1., 1.],
        [1., 1., 1., 1., 1.],
        [1., 1., 1., 1., 1.],
        [1., 1., 1., 1., 1.],
        [1., 1., 1., 1., 1.],
        [1., 1., 1., 1., 1.],
        [1., 1., 1., 1., 1.],
        [1., 1., 1., 1., 1.],
        [1., 1., 1., 1., 1.],
        [1., 1., 1., 1., 1.],
        [1., 1., 1., 1., 1.],
        [1., 1., 1., 1., 1.],
        [1., 1., 1., 1., 1.],
        [1., 1., 1., 1., 1.],
        [1., 1., 1., 1., 1.],
        [1., 1., 1., 1., 1.],
        [1., 1., 1., 1., 1.],
        [1., 1., 1., 1., 1.],
        [1., 1., 1., 1., 1.],
        [1., 1., 1., 1., 1.],
        [1., 1., 1., 1., 1.],
        [1., 1., 1., 1., 1.],
        [1., 1., 1., 1., 1.],
        [1., 1., 1., 1., 1.],
        [1., 1., 1., 1., 1.],
        [1., 1., 1., 1., 1.],
        [0., 1., 0., 0., 0.],
        [1., 1., 0., 0., 0.],
        [1., 1., 0., 0., 0.],
        [0., 0., 1., 0., 0.]], dtype=torch.float64)
Learn Training_data (withRotation): 100 samples.
Epoch: 100	rescaled_fidelity = 0.757988	KL = 1.419204
Epoch: 200	rescaled_fidelity = 0.835872	KL = 0.925359
Total time elapsed during training:  1.771 s
Learn Training_data (withRotation): 100 samples.
Epoch: 100	rescaled_fidelity = 0.736705	KL = 1.370932
Epoch: 200	rescaled_fidelity = 0.813180	KL = 0.898323
Total time elapsed during training:  1.553 s
Learn Training_data (withRotation): 100 samples.
Epoch: 100	rescaled_fidelity = 0.696304	KL = 1.751487
Epoch: 200	rescaled_fidelity = 0.786213	KL = 1.150853
Total time elapsed during training:  1.545 s
Learn Training_data (withRotation): 100 samples.
Epoch: 100	rescaled_fidelity = 0.738382	KL = 1.404382
Epoch: 200	rescaled_fidelity = 0.818092	KL = 0.900112
Total time elapsed during training:  1.467 s
Measure in X basis.
Start measurement of GHZ(100 configurations).
0 samples generated.
Bases, training bases, training samples and target statevector are saved in the folder: Training_data/GHZ/withRotation/1samples/100samples
Bases, training bases, training samples and target statevector are saved in the folder: Training_data/tmp
tensor([[0., 0., 0., 0., 0.],
        [0., 0., 0., 0., 0.],
        [0., 0., 0., 0., 0.],
        [0., 0., 0., 0., 0.],
        [0., 0., 0., 0., 0.],
        [0., 0., 0., 0., 0.],
        [0., 0., 0., 0., 0.],
        [0., 0., 0., 0., 0.],
        [0., 0., 0., 0., 0.],
        [0., 0., 0., 1., 0.],
        [0., 0., 0., 1., 0.],
        [0., 1., 0., 1., 0.],
        [0., 1., 0., 1., 0.],
        [0., 1., 0., 1., 0.],
        [1., 1., 0., 1., 0.],
        [1., 1., 0., 1., 0.],
        [0., 0., 1., 1., 0.],
        [0., 0., 1., 1., 0.],
        [1., 0., 1., 1., 0.],
        [1., 0., 1., 1., 0.],
        [1., 0., 1., 1., 0.],
        [1., 0., 1., 1., 0.],
        [1., 0., 1., 1., 0.],
        [1., 1., 1., 1., 0.],
        [1., 0., 0., 0., 0.],
        [0., 0., 0., 0., 1.],
        [0., 0., 0., 0., 1.],
        [1., 0., 0., 0., 1.],
        [1., 0., 0., 0., 1.],
        [1., 0., 0., 0., 1.],
        [0., 1., 0., 0., 1.],
        [0., 1., 0., 0., 1.],
        [1., 1., 0., 0., 1.],
        [0., 0., 1., 0., 1.],
        [0., 0., 1., 0., 1.],
        [0., 0., 1., 0., 1.],
        [0., 0., 1., 0., 1.],
        [0., 0., 1., 0., 1.],
        [0., 0., 1., 0., 1.],
        [1., 0., 1., 0., 1.],
        [0., 1., 1., 0., 1.],
        [0., 1., 1., 0., 1.],
        [0., 1., 1., 0., 1.],
        [0., 1., 1., 0., 1.],
        [1., 1., 1., 0., 1.],
        [1., 1., 1., 0., 1.],
        [0., 0., 0., 1., 1.],
        [0., 0., 0., 1., 1.],
        [0., 0., 0., 1., 1.],
        [0., 0., 0., 1., 1.],
        [0., 0., 0., 1., 1.],
        [0., 0., 0., 1., 1.],
        [1., 0., 0., 1., 1.],
        [1., 0., 0., 1., 1.],
        [1., 0., 0., 1., 1.],
        [1., 0., 0., 1., 1.],
        [0., 1., 0., 1., 1.],
        [0., 1., 0., 1., 1.],
        [0., 1., 0., 1., 1.],
        [0., 1., 0., 1., 1.],
        [0., 1., 0., 1., 1.],
        [0., 1., 0., 1., 1.],
        [1., 1., 0., 1., 1.],
        [1., 1., 0., 1., 1.],
        [1., 1., 0., 1., 1.],
        [1., 1., 0., 1., 1.],
        [1., 1., 0., 1., 1.],
        [1., 1., 0., 1., 1.],
        [0., 0., 1., 1., 1.],
        [1., 0., 1., 1., 1.],
        [1., 0., 1., 1., 1.],
        [1., 0., 1., 1., 1.],
        [1., 0., 1., 1., 1.],
        [1., 0., 1., 1., 1.],
        [1., 0., 1., 1., 1.],
        [1., 0., 1., 1., 1.],
        [0., 1., 1., 1., 1.],
        [0., 1., 1., 1., 1.],
        [0., 1., 1., 1., 1.],
        [0., 1., 1., 1., 1.],
        [0., 1., 1., 1., 1.],
        [0., 1., 0., 0., 0.],
        [0., 1., 0., 0., 0.],
        [0., 1., 0., 0., 0.],
        [1., 1., 0., 0., 0.],
        [1., 1., 0., 0., 0.],
        [0., 0., 1., 0., 0.],
        [0., 0., 1., 0., 0.],
        [0., 0., 1., 0., 0.],
        [1., 0., 1., 0., 0.],
        [1., 0., 1., 0., 0.],
        [1., 0., 1., 0., 0.],
        [1., 0., 1., 0., 0.],
        [1., 0., 1., 0., 0.],
        [0., 1., 1., 0., 0.],
        [0., 1., 1., 0., 0.],
        [0., 1., 1., 0., 0.],
        [0., 1., 1., 0., 0.],
        [0., 1., 1., 0., 0.],
        [0., 1., 1., 0., 0.]], dtype=torch.float64)
Learn Training_data (withRotation): 100 samples.
Epoch: 100	rescaled_fidelity = 0.596760	KL = 2.616781
Epoch: 200	rescaled_fidelity = 0.599390	KL = 2.576931
Total time elapsed during training:  1.471 s
Learn Training_data (withRotation): 100 samples.
Epoch: 100	rescaled_fidelity = 0.567707	KL = 2.701318
Epoch: 200	rescaled_fidelity = 0.568775	KL = 2.682860
Total time elapsed during training:  1.384 s
Learn Training_data (withRotation): 100 samples.
Epoch: 100	rescaled_fidelity = 0.567736	KL = 2.804192
Epoch: 200	rescaled_fidelity = 0.566069	KL = 2.803847
Total time elapsed during training:  1.487 s
Learn Training_data (withRotation): 100 samples.
Epoch: 100	rescaled_fidelity = 0.562933	KL = 2.774753
Epoch: 200	rescaled_fidelity = 0.568648	KL = 2.726957
Total time elapsed during training:  1.486 s
Measure in Y basis.
Start measurement of GHZ(100 configurations).
0 samples generated.
Bases, training bases, training samples and target statevector are saved in the folder: Training_data/GHZ/withRotation/1samples/100samples
Bases, training bases, training samples and target statevector are saved in the folder: Training_data/tmp
tensor([[0., 0., 0., 0., 0.],
        [0., 0., 0., 0., 0.],
        [0., 0., 0., 0., 0.],
        [0., 0., 0., 0., 0.],
        [0., 0., 0., 0., 0.],
        [0., 0., 0., 0., 0.],
        [0., 0., 0., 0., 0.],
        [0., 0., 0., 0., 0.],
        [0., 0., 0., 0., 0.],
        [0., 0., 0., 0., 0.],
        [0., 0., 0., 1., 0.],
        [0., 0., 0., 1., 0.],
        [1., 0., 0., 1., 0.],
        [1., 0., 0., 1., 0.],
        [1., 0., 0., 1., 0.],
        [1., 0., 0., 1., 0.],
        [1., 0., 0., 1., 0.],
        [1., 0., 0., 1., 0.],
        [0., 1., 0., 1., 0.],
        [0., 1., 0., 1., 0.],
        [0., 1., 0., 1., 0.],
        [0., 1., 0., 1., 0.],
        [0., 1., 0., 1., 0.],
        [0., 1., 0., 1., 0.],
        [0., 0., 1., 1., 0.],
        [0., 0., 1., 1., 0.],
        [1., 0., 1., 1., 0.],
        [1., 0., 1., 1., 0.],
        [1., 0., 1., 1., 0.],
        [0., 1., 1., 1., 0.],
        [0., 1., 1., 1., 0.],
        [1., 1., 1., 1., 0.],
        [1., 1., 1., 1., 0.],
        [1., 1., 1., 1., 0.],
        [1., 1., 1., 1., 0.],
        [1., 0., 0., 0., 0.],
        [1., 0., 0., 0., 0.],
        [0., 0., 0., 0., 1.],
        [1., 0., 0., 0., 1.],
        [1., 0., 0., 0., 1.],
        [1., 0., 0., 0., 1.],
        [0., 1., 0., 0., 1.],
        [0., 1., 0., 0., 1.],
        [0., 1., 0., 0., 1.],
        [1., 1., 0., 0., 1.],
        [1., 1., 0., 0., 1.],
        [0., 0., 1., 0., 1.],
        [0., 0., 1., 0., 1.],
        [0., 0., 1., 0., 1.],
        [1., 0., 1., 0., 1.],
        [1., 0., 1., 0., 1.],
        [0., 1., 1., 0., 1.],
        [1., 1., 1., 0., 1.],
        [1., 1., 1., 0., 1.],
        [1., 1., 1., 0., 1.],
        [0., 0., 0., 1., 1.],
        [0., 0., 0., 1., 1.],
        [0., 0., 0., 1., 1.],
        [0., 0., 0., 1., 1.],
        [0., 0., 0., 1., 1.],
        [0., 0., 0., 1., 1.],
        [0., 0., 0., 1., 1.],
        [0., 0., 0., 1., 1.],
        [1., 0., 0., 1., 1.],
        [1., 0., 0., 1., 1.],
        [0., 1., 0., 1., 1.],
        [0., 1., 0., 1., 1.],
        [0., 1., 0., 1., 1.],
        [0., 1., 0., 1., 1.],
        [1., 1., 0., 1., 1.],
        [1., 1., 0., 1., 1.],
        [1., 1., 0., 1., 1.],
        [1., 1., 0., 1., 1.],
        [0., 0., 1., 1., 1.],
        [0., 0., 1., 1., 1.],
        [1., 0., 1., 1., 1.],
        [1., 0., 1., 1., 1.],
        [1., 0., 1., 1., 1.],
        [1., 0., 1., 1., 1.],
        [1., 0., 1., 1., 1.],
        [0., 1., 1., 1., 1.],
        [0., 1., 1., 1., 1.],
        [0., 1., 1., 1., 1.],
        [0., 1., 1., 1., 1.],
        [0., 1., 1., 1., 1.],
        [0., 1., 1., 1., 1.],
        [0., 1., 1., 1., 1.],
        [1., 1., 1., 1., 1.],
        [0., 1., 0., 0., 0.],
        [0., 1., 0., 0., 0.],
        [0., 1., 0., 0., 0.],
        [1., 1., 0., 0., 0.],
        [0., 0., 1., 0., 0.],
        [1., 0., 1., 0., 0.],
        [1., 0., 1., 0., 0.],
        [1., 0., 1., 0., 0.],
        [0., 1., 1., 0., 0.],
        [0., 1., 1., 0., 0.],
        [1., 1., 1., 0., 0.],
        [1., 1., 1., 0., 0.]], dtype=torch.float64)
Learn Training_data (withRotation): 100 samples.
Epoch: 100	rescaled_fidelity = 0.604361	KL = 2.551347
Epoch: 200	rescaled_fidelity = 0.612840	KL = 2.474969
Total time elapsed during training:  1.479 s
Learn Training_data (withRotation): 100 samples.
Epoch: 100	rescaled_fidelity = 0.577206	KL = 2.597683
Epoch: 200	rescaled_fidelity = 0.583998	KL = 2.547380
Total time elapsed during training:  1.482 s
Learn Training_data (withRotation): 100 samples.
Epoch: 100	rescaled_fidelity = 0.572512	KL = 2.756036
Epoch: 200	rescaled_fidelity = 0.578499	KL = 2.688450
Total time elapsed during training:  1.480 s
Learn Training_data (withRotation): 100 samples.
Epoch: 100	rescaled_fidelity = 0.571751	KL = 2.691101
Epoch: 200	rescaled_fidelity = 0.581239	KL = 2.604160
Total time elapsed during training:  1.389 s
[0.2926824224570525, 0.30168392471537625, 0.29583116370513435]
Using the Z basis for the amplitude measurements.
Bases, training bases, training samples and target statevector are saved in the folder: Training_data/tmp
Bases, training bases, training samples and target statevector are saved in the folder: Training_data/../
Bases, training bases, training samples and target statevector are saved in the folder: Training_data/GHZ/withRotation/1samples/100samples
Learn Training_data (withRotation): 100 samples.
Epoch: 100	rescaled_fidelity = 0.757988	KL = 1.419204
Epoch: 200	rescaled_fidelity = 0.835872	KL = 0.925359
Epoch: 300	rescaled_fidelity = 0.869775	KL = 0.731094
Epoch: 400	rescaled_fidelity = 0.886508	KL = 0.628793
Epoch: 500	rescaled_fidelity = 0.895664	KL = 0.568886
Epoch: 600	rescaled_fidelity = 0.901792	KL = 0.537400
Epoch: 700	rescaled_fidelity = 0.905267	KL = 0.507951
Epoch: 800	rescaled_fidelity = 0.908928	KL = 0.491699
Epoch: 900	rescaled_fidelity = 0.913942	KL = 0.465598
Epoch: 1000	rescaled_fidelity = 0.914815	KL = 0.468357
Total time elapsed during training:  6.936 s
Learn Training_data (withRotation): 100 samples.
Epoch: 100	rescaled_fidelity = 0.736705	KL = 1.370932
Epoch: 200	rescaled_fidelity = 0.813180	KL = 0.898323
Epoch: 300	rescaled_fidelity = 0.842482	KL = 0.712769
Epoch: 400	rescaled_fidelity = 0.857666	KL = 0.617856
Epoch: 500	rescaled_fidelity = 0.867142	KL = 0.566488
Epoch: 600	rescaled_fidelity = 0.874452	KL = 0.525050
Epoch: 700	rescaled_fidelity = 0.878160	KL = 0.504079
Epoch: 800	rescaled_fidelity = 0.879629	KL = 0.491728
Epoch: 900	rescaled_fidelity = 0.883939	KL = 0.467171
Epoch: 1000	rescaled_fidelity = 0.885607	KL = 0.457241
Total time elapsed during training:  6.841 s
Learn Training_data (withRotation): 100 samples.
Epoch: 100	rescaled_fidelity = 0.696304	KL = 1.751487
Epoch: 200	rescaled_fidelity = 0.786213	KL = 1.150853
Epoch: 300	rescaled_fidelity = 0.831100	KL = 0.881642
Epoch: 400	rescaled_fidelity = 0.857052	KL = 0.723790
Epoch: 500	rescaled_fidelity = 0.872850	KL = 0.625876
Epoch: 600	rescaled_fidelity = 0.882292	KL = 0.583277
Epoch: 700	rescaled_fidelity = 0.889265	KL = 0.549329
Epoch: 800	rescaled_fidelity = 0.895010	KL = 0.504635
Epoch: 900	rescaled_fidelity = 0.898593	KL = 0.492735
Epoch: 1000	rescaled_fidelity = 0.899727	KL = 0.473570
Total time elapsed during training:  6.863 s
Learn Training_data (withRotation): 100 samples.
Epoch: 100	rescaled_fidelity = 0.738382	KL = 1.404382
Epoch: 200	rescaled_fidelity = 0.818092	KL = 0.900112
Epoch: 300	rescaled_fidelity = 0.850447	KL = 0.704182
Epoch: 400	rescaled_fidelity = 0.866906	KL = 0.610183
Epoch: 500	rescaled_fidelity = 0.874852	KL = 0.559747
Epoch: 600	rescaled_fidelity = 0.881647	KL = 0.529145
Epoch: 700	rescaled_fidelity = 0.887001	KL = 0.499616
Epoch: 800	rescaled_fidelity = 0.888139	KL = 0.485433
Epoch: 900	rescaled_fidelity = 0.890786	KL = 0.466792
Epoch: 1000	rescaled_fidelity = 0.892189	KL = 0.457125
Total time elapsed during training:  6.828 s
------------------- query: XZYYY-------------------
Start measurement of GHZ(1 configurations).
0 samples generated.
Bases, training bases, training samples and target statevector are saved in the folder: Training_data/GHZ/1samples/query_by_amplitude_and_phase/query1
['ZZZZZ' 'XZYYY']
Learn Training_data (1samples): 101 samples.
Epoch: 100	rescaled_fidelity = 0.468505	KL = 1.814268
Epoch: 200	rescaled_fidelity = 0.474491	KL = 1.282472
Epoch: 300	rescaled_fidelity = 0.493587	KL = 1.106882
Epoch: 400	rescaled_fidelity = 0.472555	KL = 1.161413
Epoch: 500	rescaled_fidelity = 0.498302	KL = 1.065120
Epoch: 600	rescaled_fidelity = 0.527214	KL = 1.009505
Epoch: 700	rescaled_fidelity = 0.527923	KL = 0.950381
Epoch: 800	rescaled_fidelity = 0.519195	KL = 0.898005
Epoch: 900	rescaled_fidelity = 0.516620	KL = 0.869159
Epoch: 1000	rescaled_fidelity = 0.535415	KL = 0.868989
Total time elapsed during training:  8.227 s
Learn Training_data (1samples): 101 samples.
Epoch: 100	rescaled_fidelity = 0.469484	KL = 1.705374
Epoch: 200	rescaled_fidelity = 0.437268	KL = 1.104419
Epoch: 300	rescaled_fidelity = 0.435218	KL = 0.941652
Epoch: 400	rescaled_fidelity = 0.420574	KL = 0.897826
Epoch: 500	rescaled_fidelity = 0.399822	KL = 0.902994
Epoch: 600	rescaled_fidelity = 0.405217	KL = 0.913663
Epoch: 700	rescaled_fidelity = 0.422238	KL = 0.927964
Epoch: 800	rescaled_fidelity = 0.411111	KL = 0.868712
Epoch: 900	rescaled_fidelity = 0.430282	KL = 0.865430
Epoch: 1000	rescaled_fidelity = 0.402404	KL = 0.805746
Total time elapsed during training:  8.013 s
Learn Training_data (1samples): 101 samples.
Epoch: 100	rescaled_fidelity = 0.312439	KL = 2.275698
Epoch: 200	rescaled_fidelity = 0.190401	KL = 1.584532
Epoch: 300	rescaled_fidelity = 0.351603	KL = 1.311173
Epoch: 400	rescaled_fidelity = 0.408068	KL = 1.155050
Epoch: 500	rescaled_fidelity = 0.386536	KL = 1.028943
Epoch: 600	rescaled_fidelity = 0.405030	KL = 0.973324
Epoch: 700	rescaled_fidelity = 0.382958	KL = 0.875877
Epoch: 800	rescaled_fidelity = 0.389630	KL = 0.853635
Epoch: 900	rescaled_fidelity = 0.405597	KL = 0.831425
Epoch: 1000	rescaled_fidelity = 0.393961	KL = 0.807267
Total time elapsed during training:  8.287 s
Learn Training_data (1samples): 101 samples.
Epoch: 100	rescaled_fidelity = 0.730705	KL = 1.656968
Epoch: 200	rescaled_fidelity = 0.730179	KL = 0.981137
Epoch: 300	rescaled_fidelity = 0.698291	KL = 0.796319
Epoch: 400	rescaled_fidelity = 0.648266	KL = 0.720772
Epoch: 500	rescaled_fidelity = 0.618607	KL = 0.708308
Epoch: 600	rescaled_fidelity = 0.585704	KL = 0.714984
Epoch: 700	rescaled_fidelity = 0.562533	KL = 0.718873
Epoch: 800	rescaled_fidelity = 0.540008	KL = 0.738181
Epoch: 900	rescaled_fidelity = 0.500787	KL = 0.746756
Epoch: 1000	rescaled_fidelity = 0.521525	KL = 0.793433
Total time elapsed during training:  8.186 s
------------------- query: XZYYY-------------------
Start measurement of GHZ(1 configurations).
0 samples generated.
Bases, training bases, training samples and target statevector are saved in the folder: Training_data/GHZ/1samples/query_by_amplitude_and_phase/query2
['ZZZZZ' 'XZYYY' 'XZYYY']
Learn Training_data (1samples): 102 samples.
Epoch: 100	rescaled_fidelity = 0.739280	KL = 1.111354
Epoch: 200	rescaled_fidelity = 0.817883	KL = 1.060350
Epoch: 300	rescaled_fidelity = 0.856747	KL = 0.936456
Epoch: 400	rescaled_fidelity = 0.876523	KL = 0.887353
Epoch: 500	rescaled_fidelity = 0.888119	KL = 0.867292
Epoch: 600	rescaled_fidelity = 0.894486	KL = 0.850088
Epoch: 700	rescaled_fidelity = 0.901045	KL = 0.766611
Epoch: 800	rescaled_fidelity = 0.904451	KL = 0.791390
Epoch: 900	rescaled_fidelity = 0.907345	KL = 0.774748
Epoch: 1000	rescaled_fidelity = 0.908318	KL = 0.753368
Total time elapsed during training:  8.476 s
Learn Training_data (1samples): 102 samples.
Epoch: 100	rescaled_fidelity = 0.749002	KL = 1.042109
Epoch: 200	rescaled_fidelity = 0.827824	KL = 0.779937
Epoch: 300	rescaled_fidelity = 0.863465	KL = 0.810010
Epoch: 400	rescaled_fidelity = 0.879788	KL = 0.817423
Epoch: 500	rescaled_fidelity = 0.891161	KL = 0.793396
Epoch: 600	rescaled_fidelity = 0.896592	KL = 0.796587
Epoch: 700	rescaled_fidelity = 0.903333	KL = 0.768501
Epoch: 800	rescaled_fidelity = 0.906104	KL = 0.777441
Epoch: 900	rescaled_fidelity = 0.909438	KL = 0.767939
Epoch: 1000	rescaled_fidelity = 0.910997	KL = 0.758414
Total time elapsed during training:  8.483 s
Learn Training_data (1samples): 102 samples.
Epoch: 100	rescaled_fidelity = 0.697973	KL = 1.622838
Epoch: 200	rescaled_fidelity = 0.793167	KL = 1.298862
Epoch: 300	rescaled_fidelity = 0.840316	KL = 1.098750
Epoch: 400	rescaled_fidelity = 0.866417	KL = 0.960411
Epoch: 500	rescaled_fidelity = 0.882135	KL = 0.890629
Epoch: 600	rescaled_fidelity = 0.892412	KL = 0.843764
Epoch: 700	rescaled_fidelity = 0.898591	KL = 0.821417
Epoch: 800	rescaled_fidelity = 0.904079	KL = 0.799800
Epoch: 900	rescaled_fidelity = 0.906574	KL = 0.784306
Epoch: 1000	rescaled_fidelity = 0.910675	KL = 0.750772
Total time elapsed during training:  8.459 s
Learn Training_data (1samples): 102 samples.
Epoch: 100	rescaled_fidelity = 0.556229	KL = 1.076737
Epoch: 200	rescaled_fidelity = 0.747177	KL = 0.698499
Epoch: 300	rescaled_fidelity = 0.814830	KL = 0.636517
Epoch: 400	rescaled_fidelity = 0.849237	KL = 0.645419
Epoch: 500	rescaled_fidelity = 0.870129	KL = 0.662663
Epoch: 600	rescaled_fidelity = 0.881238	KL = 0.689872
Epoch: 700	rescaled_fidelity = 0.887631	KL = 0.716182
Epoch: 800	rescaled_fidelity = 0.891221	KL = 0.743403
Epoch: 900	rescaled_fidelity = 0.895976	KL = 0.736155
Epoch: 1000	rescaled_fidelity = 0.897100	KL = 0.718957
Total time elapsed during training:  8.344 s
Threshold value is reached. Finish Learning.
Save the Callbacks:
rescaled_fidelity
KL
Start the baseline reconstruction.
Start measurement of GHZ(102 configurations).
0 samples generated.
34 samples generated.
68 samples generated.
Bases, training bases, training samples and target statevector are saved in the folder: Training_data/GHZ/1samples/query_by_amplitude_and_phase/baseline
Bases, training bases, training samples and target statevector are saved in the folder: Training_data/../baseline_not_rotated/
Learn Training_data (1samples): 102 samples.
Epoch: 100	rescaled_fidelity = 0.619204	KL = 1.274319
Epoch: 200	rescaled_fidelity = 0.633269	KL = 1.159041
Epoch: 300	rescaled_fidelity = 0.654956	KL = 1.055000
Epoch: 400	rescaled_fidelity = 0.651576	KL = 0.948820
Epoch: 500	rescaled_fidelity = 0.640329	KL = 0.881412
Epoch: 600	rescaled_fidelity = 0.638682	KL = 0.831033
Epoch: 700	rescaled_fidelity = 0.648957	KL = 0.785244
Epoch: 800	rescaled_fidelity = 0.671475	KL = 0.741727
Epoch: 900	rescaled_fidelity = 0.690807	KL = 0.696258
Epoch: 1000	rescaled_fidelity = 0.704949	KL = 0.644568
Total time elapsed during training: 12.286 s
Learn Training_data (1samples): 102 samples.
Epoch: 100	rescaled_fidelity = 0.626521	KL = 1.205419
Epoch: 200	rescaled_fidelity = 0.700526	KL = 0.999340
Epoch: 300	rescaled_fidelity = 0.755241	KL = 0.822782
Epoch: 400	rescaled_fidelity = 0.792904	KL = 0.666278
Epoch: 500	rescaled_fidelity = 0.804862	KL = 0.545016
Epoch: 600	rescaled_fidelity = 0.807047	KL = 0.464340
Epoch: 700	rescaled_fidelity = 0.797204	KL = 0.411274
Epoch: 800	rescaled_fidelity = 0.787986	KL = 0.375468
Epoch: 900	rescaled_fidelity = 0.782154	KL = 0.353498
Epoch: 1000	rescaled_fidelity = 0.781355	KL = 0.337211
Total time elapsed during training: 12.631 s
Learn Training_data (1samples): 102 samples.
Epoch: 100	rescaled_fidelity = 0.618294	KL = 1.210575
Epoch: 200	rescaled_fidelity = 0.650386	KL = 1.102123
Epoch: 300	rescaled_fidelity = 0.670653	KL = 0.993988
Epoch: 400	rescaled_fidelity = 0.658622	KL = 0.854300
Epoch: 500	rescaled_fidelity = 0.666666	KL = 0.769964
Epoch: 600	rescaled_fidelity = 0.694006	KL = 0.694908
Epoch: 700	rescaled_fidelity = 0.686422	KL = 0.621495
Epoch: 800	rescaled_fidelity = 0.684242	KL = 0.566905
Epoch: 900	rescaled_fidelity = 0.689419	KL = 0.525683
Epoch: 1000	rescaled_fidelity = 0.703454	KL = 0.493979
Total time elapsed during training: 12.505 s
Learn Training_data (1samples): 102 samples.
Epoch: 100	rescaled_fidelity = 0.504965	KL = 1.234625
Epoch: 200	rescaled_fidelity = 0.568982	KL = 0.952340
Epoch: 300	rescaled_fidelity = 0.513540	KL = 0.714500
Epoch: 400	rescaled_fidelity = 0.431344	KL = 0.544181
Epoch: 500	rescaled_fidelity = 0.565363	KL = 0.449113
Epoch: 600	rescaled_fidelity = 0.574954	KL = 0.402185
Epoch: 700	rescaled_fidelity = 0.562725	KL = 0.372239
Epoch: 800	rescaled_fidelity = 0.546430	KL = 0.348240
Epoch: 900	rescaled_fidelity = 0.539834	KL = 0.334428
Epoch: 1000	rescaled_fidelity = 0.553647	KL = 0.321430
Total time elapsed during training: 12.665 s
