Matplotlib created a temporary config/cache directory at /tmp/user/23375/matplotlib-dccn6ygq because the default path (/project/theorie/h/Hannah.Lange/.cache/matplotlib) is not a writable directory; it is highly recommended to set the MPLCONFIGDIR environment variable to a writable directory, in particular to speed up the import of Matplotlib and to better support multiprocessing.
0.9999999999999998
use quantum device ibmq_santiago
------ Start GLOBAL rotations to different measurement configurations.------
Measure in Z basis.
Start measurement of initialize(2 configurations).
0 samples generated.
Bases, training bases, training samples and target statevector are saved in the folder: Training_data/initialize/withRotation/2samples/2samples/
Bases, training bases, training samples and target statevector are saved in the folder: Training_data/tmp
tensor([[1., 0., 1., 0., 1.],
        [0., 1., 0., 0., 0.]], dtype=torch.float64)
tensor([[0.1768, 0.1768, 0.1768, 0.1768, 0.1768, 0.1768, 0.1768, 0.1768, 0.1768,
         0.1768, 0.1768, 0.1768, 0.1768, 0.1768, 0.1768, 0.1768, 0.1768, 0.1768,
         0.1768, 0.1768, 0.1768, 0.1768, 0.1768, 0.1768, 0.1768, 0.1768, 0.1768,
         0.1768, 0.1768, 0.1768, 0.1768, 0.1768],
        [0.0000, 0.0000, 0.0000, 0.0000, 0.0000, 0.0000, 0.0000, 0.0000, 0.0000,
         0.0000, 0.0000, 0.0000, 0.0000, 0.0000, 0.0000, 0.0000, 0.0000, 0.0000,
         0.0000, 0.0000, 0.0000, 0.0000, 0.0000, 0.0000, 0.0000, 0.0000, 0.0000,
         0.0000, 0.0000, 0.0000, 0.0000, 0.0000]], dtype=torch.float64)
Learn Training_data (withRotation): 2 samples.
Epoch: 100	rescaled_fidelity = 0.952528	KL = 0.457999
Epoch: 200	rescaled_fidelity = 0.928818	KL = 0.781317
Total time elapsed during training:  0.939 s
tensor([[0.1768, 0.1768, 0.1768, 0.1768, 0.1768, 0.1768, 0.1768, 0.1768, 0.1768,
         0.1768, 0.1768, 0.1768, 0.1768, 0.1768, 0.1768, 0.1768, 0.1768, 0.1768,
         0.1768, 0.1768, 0.1768, 0.1768, 0.1768, 0.1768, 0.1768, 0.1768, 0.1768,
         0.1768, 0.1768, 0.1768, 0.1768, 0.1768],
        [0.0000, 0.0000, 0.0000, 0.0000, 0.0000, 0.0000, 0.0000, 0.0000, 0.0000,
         0.0000, 0.0000, 0.0000, 0.0000, 0.0000, 0.0000, 0.0000, 0.0000, 0.0000,
         0.0000, 0.0000, 0.0000, 0.0000, 0.0000, 0.0000, 0.0000, 0.0000, 0.0000,
         0.0000, 0.0000, 0.0000, 0.0000, 0.0000]], dtype=torch.float64)
Learn Training_data (withRotation): 2 samples.
Epoch: 100	rescaled_fidelity = 0.942289	KL = 0.540934
Epoch: 200	rescaled_fidelity = 0.930154	KL = 0.730913
Total time elapsed during training:  0.827 s
tensor([[0.1768, 0.1768, 0.1768, 0.1768, 0.1768, 0.1768, 0.1768, 0.1768, 0.1768,
         0.1768, 0.1768, 0.1768, 0.1768, 0.1768, 0.1768, 0.1768, 0.1768, 0.1768,
         0.1768, 0.1768, 0.1768, 0.1768, 0.1768, 0.1768, 0.1768, 0.1768, 0.1768,
         0.1768, 0.1768, 0.1768, 0.1768, 0.1768],
        [0.0000, 0.0000, 0.0000, 0.0000, 0.0000, 0.0000, 0.0000, 0.0000, 0.0000,
         0.0000, 0.0000, 0.0000, 0.0000, 0.0000, 0.0000, 0.0000, 0.0000, 0.0000,
         0.0000, 0.0000, 0.0000, 0.0000, 0.0000, 0.0000, 0.0000, 0.0000, 0.0000,
         0.0000, 0.0000, 0.0000, 0.0000, 0.0000]], dtype=torch.float64)
Learn Training_data (withRotation): 2 samples.
Epoch: 100	rescaled_fidelity = 0.954637	KL = 0.303567
Epoch: 200	rescaled_fidelity = 0.939829	KL = 0.496224
Total time elapsed during training:  0.824 s
tensor([[0.1768, 0.1768, 0.1768, 0.1768, 0.1768, 0.1768, 0.1768, 0.1768, 0.1768,
         0.1768, 0.1768, 0.1768, 0.1768, 0.1768, 0.1768, 0.1768, 0.1768, 0.1768,
         0.1768, 0.1768, 0.1768, 0.1768, 0.1768, 0.1768, 0.1768, 0.1768, 0.1768,
         0.1768, 0.1768, 0.1768, 0.1768, 0.1768],
        [0.0000, 0.0000, 0.0000, 0.0000, 0.0000, 0.0000, 0.0000, 0.0000, 0.0000,
         0.0000, 0.0000, 0.0000, 0.0000, 0.0000, 0.0000, 0.0000, 0.0000, 0.0000,
         0.0000, 0.0000, 0.0000, 0.0000, 0.0000, 0.0000, 0.0000, 0.0000, 0.0000,
         0.0000, 0.0000, 0.0000, 0.0000, 0.0000]], dtype=torch.float64)
Learn Training_data (withRotation): 2 samples.
Epoch: 100	rescaled_fidelity = 0.948492	KL = 0.427920
Epoch: 200	rescaled_fidelity = 0.935940	KL = 0.602289
Total time elapsed during training:  0.825 s
Measure in X basis.
Start measurement of initialize(2 configurations).
0 samples generated.
Bases, training bases, training samples and target statevector are saved in the folder: Training_data/initialize/withRotation/2samples/2samples/
Bases, training bases, training samples and target statevector are saved in the folder: Training_data/tmp
tensor([[0., 0., 1., 1., 0.],
        [1., 1., 1., 0., 0.]], dtype=torch.float64)
tensor([[0.1768, 0.1768, 0.1768, 0.1768, 0.1768, 0.1768, 0.1768, 0.1768, 0.1768,
         0.1768, 0.1768, 0.1768, 0.1768, 0.1768, 0.1768, 0.1768, 0.1768, 0.1768,
         0.1768, 0.1768, 0.1768, 0.1768, 0.1768, 0.1768, 0.1768, 0.1768, 0.1768,
         0.1768, 0.1768, 0.1768, 0.1768, 0.1768],
        [0.0000, 0.0000, 0.0000, 0.0000, 0.0000, 0.0000, 0.0000, 0.0000, 0.0000,
         0.0000, 0.0000, 0.0000, 0.0000, 0.0000, 0.0000, 0.0000, 0.0000, 0.0000,
         0.0000, 0.0000, 0.0000, 0.0000, 0.0000, 0.0000, 0.0000, 0.0000, 0.0000,
         0.0000, 0.0000, 0.0000, 0.0000, 0.0000]], dtype=torch.float64)
Learn Training_data (withRotation): 2 samples.
Epoch: 100	rescaled_fidelity = 0.909078	KL = 0.996097
Epoch: 200	rescaled_fidelity = 0.877225	KL = 1.482889
Total time elapsed during training:  1.008 s
tensor([[0.1768, 0.1768, 0.1768, 0.1768, 0.1768, 0.1768, 0.1768, 0.1768, 0.1768,
         0.1768, 0.1768, 0.1768, 0.1768, 0.1768, 0.1768, 0.1768, 0.1768, 0.1768,
         0.1768, 0.1768, 0.1768, 0.1768, 0.1768, 0.1768, 0.1768, 0.1768, 0.1768,
         0.1768, 0.1768, 0.1768, 0.1768, 0.1768],
        [0.0000, 0.0000, 0.0000, 0.0000, 0.0000, 0.0000, 0.0000, 0.0000, 0.0000,
         0.0000, 0.0000, 0.0000, 0.0000, 0.0000, 0.0000, 0.0000, 0.0000, 0.0000,
         0.0000, 0.0000, 0.0000, 0.0000, 0.0000, 0.0000, 0.0000, 0.0000, 0.0000,
         0.0000, 0.0000, 0.0000, 0.0000, 0.0000]], dtype=torch.float64)
Learn Training_data (withRotation): 2 samples.
Epoch: 100	rescaled_fidelity = 0.887401	KL = 1.236269
Epoch: 200	rescaled_fidelity = 0.854519	KL = 1.808500
Total time elapsed during training:  0.830 s
tensor([[0.1768, 0.1768, 0.1768, 0.1768, 0.1768, 0.1768, 0.1768, 0.1768, 0.1768,
         0.1768, 0.1768, 0.1768, 0.1768, 0.1768, 0.1768, 0.1768, 0.1768, 0.1768,
         0.1768, 0.1768, 0.1768, 0.1768, 0.1768, 0.1768, 0.1768, 0.1768, 0.1768,
         0.1768, 0.1768, 0.1768, 0.1768, 0.1768],
        [0.0000, 0.0000, 0.0000, 0.0000, 0.0000, 0.0000, 0.0000, 0.0000, 0.0000,
         0.0000, 0.0000, 0.0000, 0.0000, 0.0000, 0.0000, 0.0000, 0.0000, 0.0000,
         0.0000, 0.0000, 0.0000, 0.0000, 0.0000, 0.0000, 0.0000, 0.0000, 0.0000,
         0.0000, 0.0000, 0.0000, 0.0000, 0.0000]], dtype=torch.float64)
Learn Training_data (withRotation): 2 samples.
Epoch: 100	rescaled_fidelity = 0.900333	KL = 1.011525
Epoch: 200	rescaled_fidelity = 0.871168	KL = 1.482393
Total time elapsed during training:  0.834 s
tensor([[0.1768, 0.1768, 0.1768, 0.1768, 0.1768, 0.1768, 0.1768, 0.1768, 0.1768,
         0.1768, 0.1768, 0.1768, 0.1768, 0.1768, 0.1768, 0.1768, 0.1768, 0.1768,
         0.1768, 0.1768, 0.1768, 0.1768, 0.1768, 0.1768, 0.1768, 0.1768, 0.1768,
         0.1768, 0.1768, 0.1768, 0.1768, 0.1768],
        [0.0000, 0.0000, 0.0000, 0.0000, 0.0000, 0.0000, 0.0000, 0.0000, 0.0000,
         0.0000, 0.0000, 0.0000, 0.0000, 0.0000, 0.0000, 0.0000, 0.0000, 0.0000,
         0.0000, 0.0000, 0.0000, 0.0000, 0.0000, 0.0000, 0.0000, 0.0000, 0.0000,
         0.0000, 0.0000, 0.0000, 0.0000, 0.0000]], dtype=torch.float64)
Learn Training_data (withRotation): 2 samples.
Epoch: 100	rescaled_fidelity = 0.903340	KL = 0.997637
Epoch: 200	